// Jest Snapshot v1, https://goo.gl/fbAQLP

exports[`renders correctly ShowSomething 1`] = `
Array [
  <Image
    resizeMethod="resize"
    resizeMode="contain"
    source={
      Object {
        "process": [Function],
      }
    }
    style={
      Object {
        "height": 50,
        "width": 50,
      }
    }
  />,
  <View
    style={
      Object {
        "alignItems": "center",
        "flex": 1,
        "justifyContent": "center",
      }
    }
  >
    <Text>
      Sum: 
      10
      

      Sub: 
      5
      

      Div: 
      2
      

      Mult: 
      50
      

    </Text>
  </View>,
]
`;
